Traceback (most recent call last):
  File "/Users/edoardobonetti/Library/Python/3.13/lib/python/site-packages/jupyter_core/utils/__init__.py", line 154, in wrapped
    asyncio.get_running_loop()
    ~~~~~~~~~~~~~~~~~~~~~~~~^^
RuntimeError: no running event loop

During handling of the above exception, another exception occurred:

Traceback (most recent call last):
  File "/Library/Frameworks/Python.framework/Versions/3.13/lib/python3.13/site-packages/jupyter_cache/executors/utils.py", line 58, in single_nb_execution
    executenb(
    ~~~~~~~~~^
        nb,
        ^^^
    ...<4 lines>...
        **kwargs,
        ^^^^^^^^^
    )
    ^
  File "/Library/Frameworks/Python.framework/Versions/3.13/lib/python3.13/site-packages/nbclient/client.py", line 1319, in execute
    return NotebookClient(nb=nb, resources=resources, km=km, **kwargs).execute()
           ~~~~~~~~~~~~~~~~~~~~~~~~~~~~~~~~~~~~~~~~~~~~~~~~~~~~~~~~~~~~~~~~~~~^^
  File "/Users/edoardobonetti/Library/Python/3.13/lib/python/site-packages/jupyter_core/utils/__init__.py", line 158, in wrapped
    return loop.run_until_complete(inner)
           ~~~~~~~~~~~~~~~~~~~~~~~^^^^^^^
  File "/Library/Frameworks/Python.framework/Versions/3.13/lib/python3.13/asyncio/base_events.py", line 725, in run_until_complete
    return future.result()
           ~~~~~~~~~~~~~^^
  File "/Library/Frameworks/Python.framework/Versions/3.13/lib/python3.13/site-packages/nbclient/client.py", line 709, in async_execute
    await self.async_execute_cell(
        cell, index, execution_count=self.code_cells_executed + 1
    )
  File "/Library/Frameworks/Python.framework/Versions/3.13/lib/python3.13/site-packages/nbclient/client.py", line 1062, in async_execute_cell
    await self._check_raise_for_error(cell, cell_index, exec_reply)
  File "/Library/Frameworks/Python.framework/Versions/3.13/lib/python3.13/site-packages/nbclient/client.py", line 918, in _check_raise_for_error
    raise CellExecutionError.from_cell_and_msg(cell, exec_reply_content)
nbclient.exceptions.CellExecutionError: An error occurred while executing the following cell:
------------------

# -----------------------------
# 6. Participant decryption
# -----------------------------

user_key = input("\nEnter your short decryption key to reveal your giftee: ").strip()

matched_giver = None
for giver, (_, short_key) in [(g, (Gift_Receiver_encrypted[g], Decryption_Keys[g])) for g in Gift_Giver_not_encrypted]:
    if short_key == user_key:
        matched_giver = giver
        break

if matched_giver is None:
    print("No assignment found. Wrong key.")
    exit()

encrypted_payload = Gift_Receiver_encrypted[matched_giver]

# Decrypt

decrypted = cipher.decrypt(encrypted_payload.encode()).decode()
key_in_file, receiver = decrypted.split(":")

if key_in_file != user_key:
    print("Key mismatch — possible tampering.")
else:
    print(f"You give a gift to: {receiver}")

------------------


[31m---------------------------------------------------------------------------[39m
[31mStdinNotImplementedError[39m                  Traceback (most recent call last)
[36mCell[39m[36m [39m[32mIn[2][39m[32m, line 5[39m
[32m      1[39m [38;5;66;03m# -----------------------------[39;00m
[32m      2[39m [38;5;66;03m# 6. Participant decryption[39;00m
[32m      3[39m [38;5;66;03m# -----------------------------[39;00m
[32m----> [39m[32m5[39m user_key = [38;5;28;43minput[39;49m[43m([49m[33;43m"[39;49m[38;5;130;43;01m\n[39;49;00m[33;43mEnter your short decryption key to reveal your giftee: [39;49m[33;43m"[39;49m[43m)[49m.strip()
[32m      7[39m matched_giver = [38;5;28;01mNone[39;00m
[32m      8[39m [38;5;28;01mfor[39;00m giver, (_, short_key) [38;5;129;01min[39;00m [(g, (Gift_Receiver_encrypted[g], Decryption_Keys[g])) [38;5;28;01mfor[39;00m g [38;5;129;01min[39;00m Gift_Giver_not_encrypted]:

[36mFile [39m[32m~/Library/Python/3.13/lib/python/site-packages/ipykernel/kernelbase.py:1259[39m, in [36mKernel.raw_input[39m[34m(self, prompt)[39m
[32m   1257[39m [38;5;28;01mif[39;00m [38;5;129;01mnot[39;00m [38;5;28mself[39m._allow_stdin:
[32m   1258[39m     msg = [33m"[39m[33mraw_input was called, but this frontend does not support input requests.[39m[33m"[39m
[32m-> [39m[32m1259[39m     [38;5;28;01mraise[39;00m StdinNotImplementedError(msg)
[32m   1260[39m [38;5;28;01mreturn[39;00m [38;5;28mself[39m._input_request(
[32m   1261[39m     [38;5;28mstr[39m(prompt),
[32m   1262[39m     [38;5;28mself[39m._parent_ident[[33m"[39m[33mshell[39m[33m"[39m],
[32m   1263[39m     [38;5;28mself[39m.get_parent([33m"[39m[33mshell[39m[33m"[39m),
[32m   1264[39m     password=[38;5;28;01mFalse[39;00m,
[32m   1265[39m )

[31mStdinNotImplementedError[39m: raw_input was called, but this frontend does not support input requests.

